
Loading design for application trce from file multi4bits00_multi4bits00.ncd.
Design name: mult4bit00
NCD version: 3.3
Vendor:      LATTICE
Device:      LCMXO2-7000HE
Package:     TQFP144
Performance: 5
Loading device for application trce from file 'xo2c7000.nph' in environment: C:/lscc/diamond/3.12/ispfpga.
Package Status:                     Final          Version 1.39.
Performance Hardware Data Status:   Final          Version 34.4.
Setup and Hold Report

--------------------------------------------------------------------------------
Lattice TRACE Report - Setup, Version Diamond (64-bit) 3.12.0.240.2
Tue Mar 23 17:16:59 2021

Copyright (c) 1991-1994 by NeoCAD Inc. All rights reserved.
Copyright (c) 1995 AT&T Corp.   All rights reserved.
Copyright (c) 1995-2001 Lucent Technologies Inc.  All rights reserved.
Copyright (c) 2001 Agere Systems   All rights reserved.
Copyright (c) 2002-2020 Lattice Semiconductor Corporation,  All rights reserved.

Report Information
------------------
Command line:    trce -v 10 -gt -sethld -sp 5 -sphld m -o multi4bits00_multi4bits00.twr -gui -msgset D:/ISC/Semestre 2021-1/Arquitectura de Computadoras/practicas/10_multi4bits00/promote.xml multi4bits00_multi4bits00.ncd multi4bits00_multi4bits00.prf 
Design file:     multi4bits00_multi4bits00.ncd
Preference file: multi4bits00_multi4bits00.prf
Device,speed:    LCMXO2-7000HE,5
Report level:    verbose report, limited to 10 items per preference
--------------------------------------------------------------------------------

BLOCK ASYNCPATHS
BLOCK RESETPATHS
--------------------------------------------------------------------------------



================================================================================
Preference: Default path enumeration
            594 items scored, 0 timing errors detected.
--------------------------------------------------------------------------------

Report:   21.114ns delay Ai[2] to Ro[6]

   Name    Fanout   Delay (ns)          Site               Resource
PADI_DEL    ---     1.410         43.PAD to       43.PADDI Ai[2]
ROUTE         8     4.401       43.PADDI to     R18C23A.A1 Ai_c[2]
CTOF_DEL    ---     0.454     R18C23A.A1 to     R18C23A.F1 SLICE_12
ROUTE         1     0.386     R18C23A.F1 to     R18C23B.C0 S0[1]
CTOF_DEL    ---     0.454     R18C23B.C0 to     R18C23B.F0 SLICE_0
ROUTE         2     0.898     R18C23B.F0 to     R18C23D.B1 S2[1]
CTOF_DEL    ---     0.454     R18C23D.B1 to     R18C23D.F1 SLICE_8
ROUTE         3     0.401     R18C23D.F1 to     R18C23D.C0 S2[2]
CTOF_DEL    ---     0.454     R18C23D.C0 to     R18C23D.F0 SLICE_8
ROUTE         2     1.244     R18C23D.F0 to     R18C24C.A0 S3[2]
CTOF_DEL    ---     0.454     R18C24C.A0 to     R18C24C.F0 SLICE_7
ROUTE         2     1.269     R18C24C.F0 to     R18C25C.B1 S6[1]
CTOF_DEL    ---     0.454     R18C25C.B1 to     R18C25C.F1 SLICE_3
ROUTE         2     0.668     R18C25C.F1 to     R18C24A.C1 S8[1]
CTOF_DEL    ---     0.454     R18C24A.C1 to     R18C24A.F1 SLICE_2
ROUTE         2     0.622     R18C24A.F1 to     R18C24A.B0 S8[2]
CTOF_DEL    ---     0.454     R18C24A.B0 to     R18C24A.F0 SLICE_2
ROUTE         1     2.625     R18C24A.F0 to      121.PADDO Ro_c[6]
DOPAD_DEL   ---     3.558      121.PADDO to        121.PAD Ro[6]
                  --------
                   21.114   (40.7% logic, 59.3% route), 10 logic levels.

Report:   20.811ns delay Ai[2] to Ro[7]

   Name    Fanout   Delay (ns)          Site               Resource
PADI_DEL    ---     1.410         43.PAD to       43.PADDI Ai[2]
ROUTE         8     4.401       43.PADDI to     R18C23A.A1 Ai_c[2]
CTOF_DEL    ---     0.454     R18C23A.A1 to     R18C23A.F1 SLICE_12
ROUTE         1     0.386     R18C23A.F1 to     R18C23B.C0 S0[1]
CTOF_DEL    ---     0.454     R18C23B.C0 to     R18C23B.F0 SLICE_0
ROUTE         2     0.898     R18C23B.F0 to     R18C23D.B1 S2[1]
CTOF_DEL    ---     0.454     R18C23D.B1 to     R18C23D.F1 SLICE_8
ROUTE         3     0.401     R18C23D.F1 to     R18C23D.C0 S2[2]
CTOF_DEL    ---     0.454     R18C23D.C0 to     R18C23D.F0 SLICE_8
ROUTE         2     1.244     R18C23D.F0 to     R18C24C.A0 S3[2]
CTOF_DEL    ---     0.454     R18C24C.A0 to     R18C24C.F0 SLICE_7
ROUTE         2     1.269     R18C24C.F0 to     R18C25C.B1 S6[1]
CTOF_DEL    ---     0.454     R18C25C.B1 to     R18C25C.F1 SLICE_3
ROUTE         2     0.668     R18C25C.F1 to     R18C24A.C1 S8[1]
CTOF_DEL    ---     0.454     R18C24A.C1 to     R18C24A.F1 SLICE_2
ROUTE         2     0.671     R18C24A.F1 to     R18C24D.C0 S8[2]
CTOF_DEL    ---     0.454     R18C24D.C0 to     R18C24D.F0 SLICE_1
ROUTE         1     2.273     R18C24D.F0 to      122.PADDO Ro_c[7]
DOPAD_DEL   ---     3.558      122.PADDO to        122.PAD Ro[7]
                  --------
                   20.811   (41.3% logic, 58.7% route), 10 logic levels.

Report:   20.794ns delay Ai[1] to Ro[6]

   Name    Fanout   Delay (ns)          Site               Resource
PADI_DEL    ---     1.410         44.PAD to       44.PADDI Ai[1]
ROUTE         8     3.569       44.PADDI to     R18C23B.A1 Ai_c[1]
CTOF_DEL    ---     0.454     R18C23B.A1 to     R18C23B.F1 SLICE_0
ROUTE         3     0.898     R18C23B.F1 to     R18C23B.B0 S2[0]
CTOF_DEL    ---     0.454     R18C23B.B0 to     R18C23B.F0 SLICE_0
ROUTE         2     0.898     R18C23B.F0 to     R18C23D.B1 S2[1]
CTOF_DEL    ---     0.454     R18C23D.B1 to     R18C23D.F1 SLICE_8
ROUTE         3     0.401     R18C23D.F1 to     R18C23D.C0 S2[2]
CTOF_DEL    ---     0.454     R18C23D.C0 to     R18C23D.F0 SLICE_8
ROUTE         2     1.244     R18C23D.F0 to     R18C24C.A0 S3[2]
CTOF_DEL    ---     0.454     R18C24C.A0 to     R18C24C.F0 SLICE_7
ROUTE         2     1.269     R18C24C.F0 to     R18C25C.B1 S6[1]
CTOF_DEL    ---     0.454     R18C25C.B1 to     R18C25C.F1 SLICE_3
ROUTE         2     0.668     R18C25C.F1 to     R18C24A.C1 S8[1]
CTOF_DEL    ---     0.454     R18C24A.C1 to     R18C24A.F1 SLICE_2
ROUTE         2     0.622     R18C24A.F1 to     R18C24A.B0 S8[2]
CTOF_DEL    ---     0.454     R18C24A.B0 to     R18C24A.F0 SLICE_2
ROUTE         1     2.625     R18C24A.F0 to      121.PADDO Ro_c[6]
DOPAD_DEL   ---     3.558      121.PADDO to        121.PAD Ro[6]
                  --------
                   20.794   (41.4% logic, 58.6% route), 10 logic levels.

Report:   20.491ns delay Ai[1] to Ro[7]

   Name    Fanout   Delay (ns)          Site               Resource
PADI_DEL    ---     1.410         44.PAD to       44.PADDI Ai[1]
ROUTE         8     3.569       44.PADDI to     R18C23B.A1 Ai_c[1]
CTOF_DEL    ---     0.454     R18C23B.A1 to     R18C23B.F1 SLICE_0
ROUTE         3     0.898     R18C23B.F1 to     R18C23B.B0 S2[0]
CTOF_DEL    ---     0.454     R18C23B.B0 to     R18C23B.F0 SLICE_0
ROUTE         2     0.898     R18C23B.F0 to     R18C23D.B1 S2[1]
CTOF_DEL    ---     0.454     R18C23D.B1 to     R18C23D.F1 SLICE_8
ROUTE         3     0.401     R18C23D.F1 to     R18C23D.C0 S2[2]
CTOF_DEL    ---     0.454     R18C23D.C0 to     R18C23D.F0 SLICE_8
ROUTE         2     1.244     R18C23D.F0 to     R18C24C.A0 S3[2]
CTOF_DEL    ---     0.454     R18C24C.A0 to     R18C24C.F0 SLICE_7
ROUTE         2     1.269     R18C24C.F0 to     R18C25C.B1 S6[1]
CTOF_DEL    ---     0.454     R18C25C.B1 to     R18C25C.F1 SLICE_3
ROUTE         2     0.668     R18C25C.F1 to     R18C24A.C1 S8[1]
CTOF_DEL    ---     0.454     R18C24A.C1 to     R18C24A.F1 SLICE_2
ROUTE         2     0.671     R18C24A.F1 to     R18C24D.C0 S8[2]
CTOF_DEL    ---     0.454     R18C24D.C0 to     R18C24D.F0 SLICE_1
ROUTE         1     2.273     R18C24D.F0 to      122.PADDO Ro_c[7]
DOPAD_DEL   ---     3.558      122.PADDO to        122.PAD Ro[7]
                  --------
                   20.491   (42.0% logic, 58.0% route), 10 logic levels.

Report:   20.433ns delay Ai[0] to Ro[6]

   Name    Fanout   Delay (ns)          Site               Resource
PADI_DEL    ---     1.410         45.PAD to       45.PADDI Ai[0]
ROUTE         7     3.208       45.PADDI to     R18C23B.B1 Ai_c[0]
CTOF_DEL    ---     0.454     R18C23B.B1 to     R18C23B.F1 SLICE_0
ROUTE         3     0.898     R18C23B.F1 to     R18C23B.B0 S2[0]
CTOF_DEL    ---     0.454     R18C23B.B0 to     R18C23B.F0 SLICE_0
ROUTE         2     0.898     R18C23B.F0 to     R18C23D.B1 S2[1]
CTOF_DEL    ---     0.454     R18C23D.B1 to     R18C23D.F1 SLICE_8
ROUTE         3     0.401     R18C23D.F1 to     R18C23D.C0 S2[2]
CTOF_DEL    ---     0.454     R18C23D.C0 to     R18C23D.F0 SLICE_8
ROUTE         2     1.244     R18C23D.F0 to     R18C24C.A0 S3[2]
CTOF_DEL    ---     0.454     R18C24C.A0 to     R18C24C.F0 SLICE_7
ROUTE         2     1.269     R18C24C.F0 to     R18C25C.B1 S6[1]
CTOF_DEL    ---     0.454     R18C25C.B1 to     R18C25C.F1 SLICE_3
ROUTE         2     0.668     R18C25C.F1 to     R18C24A.C1 S8[1]
CTOF_DEL    ---     0.454     R18C24A.C1 to     R18C24A.F1 SLICE_2
ROUTE         2     0.622     R18C24A.F1 to     R18C24A.B0 S8[2]
CTOF_DEL    ---     0.454     R18C24A.B0 to     R18C24A.F0 SLICE_2
ROUTE         1     2.625     R18C24A.F0 to      121.PADDO Ro_c[6]
DOPAD_DEL   ---     3.558      121.PADDO to        121.PAD Ro[6]
                  --------
                   20.433   (42.1% logic, 57.9% route), 10 logic levels.

Report:   20.255ns delay Ai[2] to Ro[6]

   Name    Fanout   Delay (ns)          Site               Resource
PADI_DEL    ---     1.410         43.PAD to       43.PADDI Ai[2]
ROUTE         8     4.401       43.PADDI to     R18C23A.A1 Ai_c[2]
CTOF_DEL    ---     0.454     R18C23A.A1 to     R18C23A.F1 SLICE_12
ROUTE         1     0.386     R18C23A.F1 to     R18C23B.C0 S0[1]
CTOF_DEL    ---     0.454     R18C23B.C0 to     R18C23B.F0 SLICE_0
ROUTE         2     0.622     R18C23B.F0 to     R18C23C.B1 S2[1]
CTOF_DEL    ---     0.454     R18C23C.B1 to     R18C23C.F1 SLICE_9
ROUTE         2     0.668     R18C23C.F1 to     R18C24C.C1 S3[1]
CTOF_DEL    ---     0.454     R18C24C.C1 to     R18C24C.F1 SLICE_7
ROUTE         2     0.394     R18C24C.F1 to     R18C24C.C0 S5[1]
CTOF_DEL    ---     0.454     R18C24C.C0 to     R18C24C.F0 SLICE_7
ROUTE         2     1.269     R18C24C.F0 to     R18C25C.B1 S6[1]
CTOF_DEL    ---     0.454     R18C25C.B1 to     R18C25C.F1 SLICE_3
ROUTE         2     0.668     R18C25C.F1 to     R18C24A.C1 S8[1]
CTOF_DEL    ---     0.454     R18C24A.C1 to     R18C24A.F1 SLICE_2
ROUTE         2     0.622     R18C24A.F1 to     R18C24A.B0 S8[2]
CTOF_DEL    ---     0.454     R18C24A.B0 to     R18C24A.F0 SLICE_2
ROUTE         1     2.625     R18C24A.F0 to      121.PADDO Ro_c[6]
DOPAD_DEL   ---     3.558      121.PADDO to        121.PAD Ro[6]
                  --------
                   20.255   (42.5% logic, 57.5% route), 10 logic levels.

Report:   20.193ns delay Ai[2] to Ro[6]

   Name    Fanout   Delay (ns)          Site               Resource
PADI_DEL    ---     1.410         43.PAD to       43.PADDI Ai[2]
ROUTE         8     4.401       43.PADDI to     R18C23A.A1 Ai_c[2]
CTOF_DEL    ---     0.454     R18C23A.A1 to     R18C23A.F1 SLICE_12
ROUTE         1     0.386     R18C23A.F1 to     R18C23B.C0 S0[1]
CTOF_DEL    ---     0.454     R18C23B.C0 to     R18C23B.F0 SLICE_0
ROUTE         2     0.898     R18C23B.F0 to     R18C23D.B1 S2[1]
CTOF_DEL    ---     0.454     R18C23D.B1 to     R18C23D.F1 SLICE_8
ROUTE         3     0.401     R18C23D.F1 to     R18C23D.C0 S2[2]
CTOF_DEL    ---     0.454     R18C23D.C0 to     R18C23D.F0 SLICE_8
ROUTE         2     1.244     R18C23D.F0 to     R18C24B.A1 S3[2]
CTOF_DEL    ---     0.454     R18C24B.A1 to     R18C24B.F1 SLICE_6
ROUTE         2     0.394     R18C24B.F1 to     R18C24B.C0 S5[2]
CTOF_DEL    ---     0.454     R18C24B.C0 to     R18C24B.F0 SLICE_6
ROUTE         2     0.622     R18C24B.F0 to     R18C24A.B1 S6[2]
CTOF_DEL    ---     0.454     R18C24A.B1 to     R18C24A.F1 SLICE_2
ROUTE         2     0.622     R18C24A.F1 to     R18C24A.B0 S8[2]
CTOF_DEL    ---     0.454     R18C24A.B0 to     R18C24A.F0 SLICE_2
ROUTE         1     2.625     R18C24A.F0 to      121.PADDO Ro_c[6]
DOPAD_DEL   ---     3.558      121.PADDO to        121.PAD Ro[6]
                  --------
                   20.193   (42.6% logic, 57.4% route), 10 logic levels.

Report:   20.130ns delay Ai[0] to Ro[7]

   Name    Fanout   Delay (ns)          Site               Resource
PADI_DEL    ---     1.410         45.PAD to       45.PADDI Ai[0]
ROUTE         7     3.208       45.PADDI to     R18C23B.B1 Ai_c[0]
CTOF_DEL    ---     0.454     R18C23B.B1 to     R18C23B.F1 SLICE_0
ROUTE         3     0.898     R18C23B.F1 to     R18C23B.B0 S2[0]
CTOF_DEL    ---     0.454     R18C23B.B0 to     R18C23B.F0 SLICE_0
ROUTE         2     0.898     R18C23B.F0 to     R18C23D.B1 S2[1]
CTOF_DEL    ---     0.454     R18C23D.B1 to     R18C23D.F1 SLICE_8
ROUTE         3     0.401     R18C23D.F1 to     R18C23D.C0 S2[2]
CTOF_DEL    ---     0.454     R18C23D.C0 to     R18C23D.F0 SLICE_8
ROUTE         2     1.244     R18C23D.F0 to     R18C24C.A0 S3[2]
CTOF_DEL    ---     0.454     R18C24C.A0 to     R18C24C.F0 SLICE_7
ROUTE         2     1.269     R18C24C.F0 to     R18C25C.B1 S6[1]
CTOF_DEL    ---     0.454     R18C25C.B1 to     R18C25C.F1 SLICE_3
ROUTE         2     0.668     R18C25C.F1 to     R18C24A.C1 S8[1]
CTOF_DEL    ---     0.454     R18C24A.C1 to     R18C24A.F1 SLICE_2
ROUTE         2     0.671     R18C24A.F1 to     R18C24D.C0 S8[2]
CTOF_DEL    ---     0.454     R18C24D.C0 to     R18C24D.F0 SLICE_1
ROUTE         1     2.273     R18C24D.F0 to      122.PADDO Ro_c[7]
DOPAD_DEL   ---     3.558      122.PADDO to        122.PAD Ro[7]
                  --------
                   20.130   (42.7% logic, 57.3% route), 10 logic levels.

Report:   19.952ns delay Ai[2] to Ro[7]

   Name    Fanout   Delay (ns)          Site               Resource
PADI_DEL    ---     1.410         43.PAD to       43.PADDI Ai[2]
ROUTE         8     4.401       43.PADDI to     R18C23A.A1 Ai_c[2]
CTOF_DEL    ---     0.454     R18C23A.A1 to     R18C23A.F1 SLICE_12
ROUTE         1     0.386     R18C23A.F1 to     R18C23B.C0 S0[1]
CTOF_DEL    ---     0.454     R18C23B.C0 to     R18C23B.F0 SLICE_0
ROUTE         2     0.622     R18C23B.F0 to     R18C23C.B1 S2[1]
CTOF_DEL    ---     0.454     R18C23C.B1 to     R18C23C.F1 SLICE_9
ROUTE         2     0.668     R18C23C.F1 to     R18C24C.C1 S3[1]
CTOF_DEL    ---     0.454     R18C24C.C1 to     R18C24C.F1 SLICE_7
ROUTE         2     0.394     R18C24C.F1 to     R18C24C.C0 S5[1]
CTOF_DEL    ---     0.454     R18C24C.C0 to     R18C24C.F0 SLICE_7
ROUTE         2     1.269     R18C24C.F0 to     R18C25C.B1 S6[1]
CTOF_DEL    ---     0.454     R18C25C.B1 to     R18C25C.F1 SLICE_3
ROUTE         2     0.668     R18C25C.F1 to     R18C24A.C1 S8[1]
CTOF_DEL    ---     0.454     R18C24A.C1 to     R18C24A.F1 SLICE_2
ROUTE         2     0.671     R18C24A.F1 to     R18C24D.C0 S8[2]
CTOF_DEL    ---     0.454     R18C24D.C0 to     R18C24D.F0 SLICE_1
ROUTE         1     2.273     R18C24D.F0 to      122.PADDO Ro_c[7]
DOPAD_DEL   ---     3.558      122.PADDO to        122.PAD Ro[7]
                  --------
                   19.952   (43.1% logic, 56.9% route), 10 logic levels.

Report:   19.935ns delay Ai[1] to Ro[6]

   Name    Fanout   Delay (ns)          Site               Resource
PADI_DEL    ---     1.410         44.PAD to       44.PADDI Ai[1]
ROUTE         8     3.569       44.PADDI to     R18C23B.A1 Ai_c[1]
CTOF_DEL    ---     0.454     R18C23B.A1 to     R18C23B.F1 SLICE_0
ROUTE         3     0.898     R18C23B.F1 to     R18C23B.B0 S2[0]
CTOF_DEL    ---     0.454     R18C23B.B0 to     R18C23B.F0 SLICE_0
ROUTE         2     0.622     R18C23B.F0 to     R18C23C.B1 S2[1]
CTOF_DEL    ---     0.454     R18C23C.B1 to     R18C23C.F1 SLICE_9
ROUTE         2     0.668     R18C23C.F1 to     R18C24C.C1 S3[1]
CTOF_DEL    ---     0.454     R18C24C.C1 to     R18C24C.F1 SLICE_7
ROUTE         2     0.394     R18C24C.F1 to     R18C24C.C0 S5[1]
CTOF_DEL    ---     0.454     R18C24C.C0 to     R18C24C.F0 SLICE_7
ROUTE         2     1.269     R18C24C.F0 to     R18C25C.B1 S6[1]
CTOF_DEL    ---     0.454     R18C25C.B1 to     R18C25C.F1 SLICE_3
ROUTE         2     0.668     R18C25C.F1 to     R18C24A.C1 S8[1]
CTOF_DEL    ---     0.454     R18C24A.C1 to     R18C24A.F1 SLICE_2
ROUTE         2     0.622     R18C24A.F1 to     R18C24A.B0 S8[2]
CTOF_DEL    ---     0.454     R18C24A.B0 to     R18C24A.F0 SLICE_2
ROUTE         1     2.625     R18C24A.F0 to      121.PADDO Ro_c[6]
DOPAD_DEL   ---     3.558      121.PADDO to        121.PAD Ro[6]
                  --------
                   19.935   (43.1% logic, 56.9% route), 10 logic levels.

Report:   21.114ns is the maximum delay for this preference.


================================================================================
Preference: Default net enumeration
            34 items scored, 0 timing errors detected.
--------------------------------------------------------------------------------

Report:    4.401ns maximum delay on Ai_c[2]

           Delays             Connection(s)
           4.401ns         43.PADDI to R18C23A.A1      
           3.701ns         43.PADDI to R18C25A.D1      
           4.205ns         43.PADDI to R18C23C.C1      
           4.035ns         43.PADDI to R18C23D.A1      
           3.297ns         43.PADDI to R18C24C.B0      
           3.837ns         43.PADDI to R18C24B.B1      
           3.701ns         43.PADDI to R18C25C.D0      
           2.954ns         43.PADDI to R18C24A.D1      

Report:    4.076ns maximum delay on Ai_c[0]

           Delays             Connection(s)
           4.076ns         45.PADDI to R19C25A.B1      
           4.076ns         45.PADDI to R19C25A.B0      
           3.742ns         45.PADDI to R18C25A.C0      
           3.742ns         45.PADDI to R18C25B.C1      
           3.426ns         45.PADDI to R18C25B.D0      
           3.603ns         45.PADDI to R18C25D.B1      
           3.208ns         45.PADDI to R18C23B.B1      

Report:    3.638ns maximum delay on Ai_c[3]

           Delays             Connection(s)
           2.986ns         42.PADDI to R18C23A.C0      
           3.222ns         42.PADDI to R18C23D.D0      
           3.638ns         42.PADDI to R18C24B.D0      
           3.638ns         42.PADDI to R18C24A.D0      
           3.638ns         42.PADDI to R18C24D.D1      
           3.570ns         42.PADDI to R18C24D.A0      

Report:    3.592ns maximum delay on Ai_c[1]

           Delays             Connection(s)
           3.394ns         44.PADDI to R19C25A.C0      
           3.013ns         44.PADDI to R18C25A.C1      
           3.569ns         44.PADDI to R18C23C.A0      
           2.809ns         44.PADDI to R18C24C.A1      
           3.592ns         44.PADDI to R18C25D.B0      
           3.013ns         44.PADDI to R18C25C.C1      
           3.569ns         44.PADDI to R18C23B.A1      
           3.569ns         44.PADDI to R18C23B.A0      

Report:    3.496ns maximum delay on Bi_c[3]

           Delays             Connection(s)
           3.175ns         52.PADDI to R18C25B.B0      
           2.832ns         52.PADDI to R18C25D.D1      
           3.496ns         52.PADDI to R18C25D.A0      
           3.144ns         52.PADDI to R18C25C.A1      
           3.144ns         52.PADDI to R18C25C.A0      
           2.722ns         52.PADDI to R18C24A.A1      
           2.722ns         52.PADDI to R18C24A.A0      
           2.044ns         52.PADDI to R18C24D.D0      

Report:    3.116ns maximum delay on Bi_c[2]

           Delays             Connection(s)
           2.833ns         54.PADDI to R18C25A.D0      
           2.795ns         54.PADDI to R18C23C.B0      
           2.450ns         54.PADDI to R18C24C.D1      
           2.450ns         54.PADDI to R18C24C.D0      
           2.186ns         54.PADDI to R18C24B.C1      
           2.761ns         54.PADDI to R18C24B.A0      
           3.116ns         54.PADDI to R18C25B.A1      
           2.382ns         54.PADDI to R18C24D.A1      

Report:    3.098ns maximum delay on Ro_c[2]

           Delays             Connection(s)
           3.098ns       R18C25A.F0 to 115.PADDO       

Report:    3.098ns maximum delay on Ro_c[3]

           Delays             Connection(s)
           3.098ns       R18C25B.F0 to 117.PADDO       

Report:    3.077ns maximum delay on Ro_c[1]

           Delays             Connection(s)
           3.077ns       R19C25A.F0 to 114.PADDO       

Report:    3.069ns maximum delay on Ro_c[0]

           Delays             Connection(s)
           3.069ns       R19C25A.F1 to 113.PADDO       

Report:    4.401ns is the maximum delay for this preference.

Report Summary
--------------
----------------------------------------------------------------------------
Preference                              |   Constraint|       Actual|Levels
----------------------------------------------------------------------------
                                        |             |             |
Default path enumeration                |     0.000 ns|    21.114 ns|   0  
                                        |             |             |
Default net enumeration                 |     0.000 ns|     4.401 ns|   0  
                                        |             |             |
----------------------------------------------------------------------------


All preferences were met.


Clock Domains Analysis
------------------------

Found 0 clocks:


Timing summary (Setup):
---------------

Timing errors: 0  Score: 0
Cumulative negative slack: 0

Constraints cover 594 paths, 34 nets, and 104 connections (100.00% coverage)

--------------------------------------------------------------------------------

